Archive member included because of file (symbol)

C:/Program Files (x86)/Rowley Associates Limited/CrossWorks for ARM 2.3/lib/libc_v4t_a_le.a(libc_asm.o)
                              ARM RAM Debug/ctl_at91sam7.o (__udivsi3)
C:/Program Files (x86)/Rowley Associates Limited/CrossWorks for ARM 2.3/lib/libc_v4t_a_le.a(libc2_asm.o)
                              ARM RAM Debug/main.o (memcpy)
C:/Program Files (x86)/Rowley Associates Limited/CrossWorks for ARM 2.3/lib/libc_v4t_a_le.a(__vfprintf_int.o)
                              (__vfprintf_int)
C:/Program Files (x86)/Rowley Associates Limited/CrossWorks for ARM 2.3/lib/libc_v4t_a_le.a(__vfscanf_int.o)
                              (__vfscanf_int)
C:/Program Files (x86)/Rowley Associates Limited/CrossWorks for ARM 2.3/lib/libc_v4t_a_le.a(libc2.o)
                              C:/Program Files (x86)/Rowley Associates Limited/CrossWorks for ARM 2.3/lib/libc_v4t_a_le.a(__vfscanf_int.o) (__getc)
C:/Program Files (x86)/Rowley Associates Limited/CrossWorks for ARM 2.3/lib/libdebugio_v4t_a_le.a(libdebugio.o)
                              (__do_debug_operation_dcc)
C:/Program Files (x86)/Rowley Associates Limited/CrossWorks for ARM 2.3/lib/libc_user_libc_v4t_a_le.a(user_libc.o)
                              C:/Program Files (x86)/Rowley Associates Limited/CrossWorks for ARM 2.3/lib/libc_v4t_a_le.a(libc2.o) (__errno)
C:/Program Files (x86)/Rowley Associates Limited/CrossWorks for ARM 2.3/lib/libarm_v4t_a_le.a(libarm.o)
                              C:/Program Files (x86)/Rowley Associates Limited/CrossWorks for ARM 2.3/lib/libdebugio_v4t_a_le.a(libdebugio.o) (libarm_dcc_write)
C:/Program Files (x86)/Rowley Associates Limited/CrossWorks for ARM 2.3/lib/libarm_v4t_a_le.a(libarm_run_dcc_port_server.o)
                              C:/Program Files (x86)/Rowley Associates Limited/CrossWorks for ARM 2.3/lib/libdebugio_v4t_a_le.a(libdebugio.o) (libarm_run_dcc_port_server)
C:/Program Files (x86)/Rowley Associates Limited/CrossWorks for ARM 2.3/lib/libm_v4t_a_le.a(libm_asm.o)
                              C:/Program Files (x86)/Rowley Associates Limited/CrossWorks for ARM 2.3/lib/libc_v4t_a_le.a(libc2.o) (__floatsisf)

Discarded input sections

 .text          0x00000000        0x0 ARM RAM Debug/crt0.o
 .data          0x00000000        0x0 ARM RAM Debug/crt0.o
 .bss           0x00000000        0x0 ARM RAM Debug/crt0.o
 .stack         0x00000000        0x0 ARM RAM Debug/crt0.o
 .stack_abt     0x00000000        0x0 ARM RAM Debug/crt0.o
 .stack_irq     0x00000000        0x0 ARM RAM Debug/crt0.o
 .stack_fiq     0x00000000        0x0 ARM RAM Debug/crt0.o
 .stack_svc     0x00000000        0x0 ARM RAM Debug/crt0.o
 .stack_und     0x00000000        0x0 ARM RAM Debug/crt0.o
 .heap          0x00000000        0x0 ARM RAM Debug/crt0.o
 .text          0x00000000        0x0 ARM RAM Debug/AT91SAM7_Startup.o
 .data          0x00000000        0x0 ARM RAM Debug/AT91SAM7_Startup.o
 .bss           0x00000000        0x0 ARM RAM Debug/AT91SAM7_Startup.o
 .text          0x00000000        0x0 ARM RAM Debug/AIC.o
 .data          0x00000000        0x0 ARM RAM Debug/AIC.o
 .bss           0x00000000        0x0 ARM RAM Debug/AIC.o
 .text.forcedFIQHandler
                0x00000000       0xac ARM RAM Debug/AIC.o
 .text.ctl_set_isr
                0x00000000      0x1a0 ARM RAM Debug/AIC.o
 .text.ctl_unmask_isr
                0x00000000       0x3c ARM RAM Debug/AIC.o
 .text.ctl_mask_isr
                0x00000000       0x3c ARM RAM Debug/AIC.o
 .data          0x00000000        0x0 ARM RAM Debug/AIC_irq_handler.o
 .bss           0x00000000        0x0 ARM RAM Debug/AIC_irq_handler.o
 .text          0x00000000        0x0 ARM RAM Debug/ctl_at91sam7.o
 .data          0x00000000        0x0 ARM RAM Debug/ctl_at91sam7.o
 .bss           0x00000000        0x0 ARM RAM Debug/ctl_at91sam7.o
 .bss.userTimerISR
                0x00000000        0x4 ARM RAM Debug/ctl_at91sam7.o
 .text.syscISR  0x00000000       0x50 ARM RAM Debug/ctl_at91sam7.o
 .text.ctl_at91sam7_get_mck_frequency
                0x00000000       0xcc ARM RAM Debug/ctl_at91sam7.o
 .text.ctl_start_timer
                0x00000000       0x9c ARM RAM Debug/ctl_at91sam7.o
 .text.ctl_get_ticks_per_second
                0x00000000       0x1c ARM RAM Debug/ctl_at91sam7.o
 .text          0x00000000        0x0 ARM RAM Debug/main.o
 .data          0x00000000        0x0 ARM RAM Debug/main.o
 .bss           0x00000000        0x0 ARM RAM Debug/main.o
 .text          0x00000000        0x0 ARM RAM Debug/lcd.o
 .data          0x00000000        0x0 ARM RAM Debug/lcd.o
 .bss           0x00000000        0x0 ARM RAM Debug/lcd.o
 .rodata.bmp    0x00000000     0x6618 ARM RAM Debug/lcd.o
 .rodata.bmp2   0x00000000     0x6618 ARM RAM Debug/lcd.o
 .text.Delaya   0x00000000       0x34 ARM RAM Debug/lcd.o
 .bss.i         0x00000000        0x4 ARM RAM Debug/lcd.o
 .bss.j         0x00000000        0x4 ARM RAM Debug/lcd.o
 .text.Backlight
[...]
Memory Configuration

Name             Origin             Length             Attributes
UNPLACED_SECTIONS 0xffffffff         0x00000000         xw
User_Peripherals 0xf0000000         0x0fff0000         xw
System_Controller 0xfffff000         0x00001000         xw
SRAM             0x00200000         0x00010000         xw
FLASH            0x00100000         0x00040000         xr
*default*        0x00000000         0xffffffff

Linker script and memory map

                0x0020288c                __do_debug_operation = __do_debug_operation_dcc
                0x00201640                __vfprintf = __vfprintf_int
                0x00202124                __vfscanf = __vfscanf_int
                0xf0000000                __User_Peripherals_segment_start__ = 0xf0000000
                0xffff0000                __User_Peripherals_segment_end__ = 0xffff0000
                0xfffff000                __System_Controller_segment_start__ = 0xfffff000
                0x00000000                __System_Controller_segment_end__ = 0x0
                0x00200000                __SRAM_segment_start__ = 0x200000
                0x00210000                __SRAM_segment_end__ = 0x210000
                0x00100000                __FLASH_segment_start__ = 0x100000
                0x00140000                __FLASH_segment_end__ = 0x140000
                0x00000400                __STACKSIZE__ = 0x400
                0x00000100                __STACKSIZE_IRQ__ = 0x100
                0x00000100                __STACKSIZE_FIQ__ = 0x100
                0x00000000                __STACKSIZE_SVC__ = 0x0
                0x00000000                __STACKSIZE_ABT__ = 0x0
                0x00000000                __STACKSIZE_UND__ = 0x0
                0x00000400                __HEAPSIZE__ = 0x400
                0x00200000                __vectors_load_start__ = __SRAM_segment_start__

.vectors        0x00200000       0x3c
                0x00200000                __vectors_start__ = .
 *(.vectors .vectors.*)
 .vectors       0x00200000       0x3c ARM RAM Debug/AT91SAM7_Startup.o
                0x00200000                _vectors
                0x0020003c                __vectors_end__ = (__vectors_start__ + SIZEOF (.vectors))
                0x00000001                . = ASSERT (((__vectors_end__ >= __SRAM_segment_start__) && (__vectors_end__ <= (__SRAM_segment_start__ + 0x10000))), error: .vectors is too large to fit in SRAM memory segment)
                0x0020003c                __fast_load_start__ = ALIGN (__vectors_end__, 0x4)

.fast           0x0020003c       0x6c
                0x0020003c                __fast_start__ = .
 *(.fast .fast.*)
 .fast          0x0020003c       0x6c ARM RAM Debug/main.o
                0x0020003c                delay
                0x002000a8                __fast_end__ = (__fast_start__ + SIZEOF (.fast))
                0x00000001                . = ASSERT (((__fast_end__ >= __SRAM_segment_start__) && (__fast_end__ <= (__SRAM_segment_start__ + 0x10000))), error: .fast is too large to fit in SRAM memory segment)
                0x002000a8                __init_load_start__ = ALIGN (__fast_end__, 0x4)

.init           0x002000a8      0x2b8
                0x002000a8                __init_start__ = .
 *(.init .init.*)
 *fill*         0x002000a8        0x8 00
 .init          0x002000b0      0x1f0 ARM RAM Debug/crt0.o
                0x002000b0                __start
                0x002000b0                _start
                0x002001c8                exit
                0x00200224                __getchar
                0x00200224                __putchar
 .init          0x002002a0       0xc0 ARM RAM Debug/AT91SAM7_Startup.o
                0x002002a0                reset_handler
                0x00200328                undef_handler
                0x0020032c                swi_handler
                0x00200330                pabort_handler
                0x00200334                dabort_handler
                0x00200360                __init_end__ = (__init_start__ + SIZEOF (.init))
                0x00000001                . = ASSERT (((__init_end__ >= __SRAM_segment_start__) && (__init_end__ <= (__SRAM_segment_start__ + 0x10000))), error: .init is too large to fit in SRAM memory segment)
                0x00200360                __text_load_start__ = ALIGN (__init_end__, 0x4)

.text           0x00200360     0x27e8
                0x00200360                __text_start__ = .
 *(.text .text.* .glue_7t .glue_7 .gnu.linkonce.t.* .gcc_except_table)
 .glue_7        0x00000000        0x0 linker stubs
 .glue_7t       0x00000000        0x0 linker stubs
 .text          0x00200360       0x60 ARM RAM Debug/AIC_irq_handler.o
                0x00200360                irq_handler
                0x002003a0                fiq_handler
 .text.rysuj_znak
                0x002003c0      0x1e0 ARM RAM Debug/main.o
                0x002003c0                rysuj_znak
 .text.rysuj_tablice
                0x002005a0       0x78 ARM RAM Debug/main.o
                0x002005a0                rysuj_tablice
 .text.main     0x00200618      0x554 ARM RAM Debug/main.o
                0x00200618                main
 .text.Delay_   0x00200b6c       0x3c ARM RAM Debug/lcd.o
                0x00200b6c                Delay_
 .text.InitLCD  0x00200ba8       0xd8 ARM RAM Debug/lcd.o
                0x00200ba8                InitLCD
 .text.WriteSpiCommand
                0x00200c80       0x54 ARM RAM Debug/lcd.o
                0x00200c80                WriteSpiCommand
 .text.WriteSpiData
                0x00200cd4       0x54 ARM RAM Debug/lcd.o
                0x00200cd4                WriteSpiData
 .text.LCDSettings
                0x00200d28      0x138 ARM RAM Debug/lcd.o
                0x00200d28                LCDSettings
 .text.LCDPutChar
                0x00200e60      0x23c ARM RAM Debug/lcd.o
                0x00200e60                LCDPutChar
 .text.LCDPutStr
                0x0020109c       0xcc ARM RAM Debug/lcd.o
                0x0020109c                LCDPutStr
 .text.LCDClearScreen
                0x00201168       0x94 ARM RAM Debug/lcd.o
                0x00201168                LCDClearScreen
 .text.LCDSetXY
                0x002011fc       0x60 ARM RAM Debug/lcd.o
                0x002011fc                LCDSetXY
 .text.LCDSetPixel
                0x0020125c       0x68 ARM RAM Debug/lcd.o
                0x0020125c                LCDSetPixel
 .text.LCDSetCircle
                0x002012c4      0x288 ARM RAM Debug/lcd.o
                0x002012c4                LCDSetCircle
 *fill*         0x0020154c        0x4 00
 .text.libc.memcpy
                0x00201550       0x60 C:/Program Files (x86)/Rowley Associates Limited/CrossWorks for ARM 2.3/lib/libc_v4t_a_le.a(libc2_asm.o)
                0x00201550                __aeabi_memcpy
                0x00201550                __aeabi_memcpy4
                0x00201550                __aeabi_memcpy8
                0x00201550                memcpy
 .text.libc.strlen
                0x002015b0       0x90 C:/Program Files (x86)/Rowley Associates Limited/CrossWorks for ARM 2.3/lib/libc_v4t_a_le.a(libc2_asm.o)
                0x002015b0                strlen
 .text.libc.__vfprintf_int
                0x00201640      0x8d8 C:/Program Files (x86)/Rowley Associates Limited/CrossWorks for ARM 2.3/lib/libc_v4t_a_le.a(__vfprintf_int.o)
                0x00201640                __vfprintf_int
 .text.libc.__ungetc
                0x00201f18       0x40 C:/Program Files (x86)/Rowley Associates Limited/CrossWorks for ARM 2.3/lib/libc_v4t_a_le.a(__vfscanf_int.o)
 .text.libc.rd_int
                0x00201f58      0x1cc C:/Program Files (x86)/Rowley Associates Limited/CrossWorks for ARM 2.3/lib/libc_v4t_a_le.a(__vfscanf_int.o)
 .text.libc.__vfscanf_int
                0x00202124      0x5a4 C:/Program Files (x86)/Rowley Associates Limited/CrossWorks for ARM 2.3/lib/libc_v4t_a_le.a(__vfscanf_int.o)
                0x00202124                __vfscanf_int
 .text.libc.__getc
                0x002026c8       0x4c C:/Program Files (x86)/Rowley Associates Limited/CrossWorks for ARM 2.3/lib/libc_v4t_a_le.a(libc2.o)
                0x002026c8                __getc
 .text.libc.__putc
                0x00202714       0x6c C:/Program Files (x86)/Rowley Associates Limited/CrossWorks for ARM 2.3/lib/libc_v4t_a_le.a(libc2.o)
                0x00202714                __putc
 .text.libc.__print_padding
                0x00202780       0x3c C:/Program Files (x86)/Rowley Associates Limited/CrossWorks for ARM 2.3/lib/libc_v4t_a_le.a(libc2.o)
                0x00202780                __print_padding
 .text.libc.__pre_padding
                0x002027bc       0x28 C:/Program Files (x86)/Rowley Associates Limited/CrossWorks for ARM 2.3/lib/libc_v4t_a_le.a(libc2.o)
                0x002027bc                __pre_padding
 .text.libc.isupper
                0x002027e4       0x14 C:/Program Files (x86)/Rowley Associates Limited/CrossWorks for ARM 2.3/lib/libc_v4t_a_le.a(libc2.o)
                0x002027e4                isupper
 .text.libc.islower
                0x002027f8       0x14 C:/Program Files (x86)/Rowley Associates Limited/CrossWorks for ARM 2.3/lib/libc_v4t_a_le.a(libc2.o)
                0x002027f8                islower
 .text.libc.isdigit
                0x0020280c       0x14 C:/Program Files (x86)/Rowley Associates Limited/CrossWorks for ARM 2.3/lib/libc_v4t_a_le.a(libc2.o)
                0x0020280c                isdigit
 .text.libc.__digit
                0x00202820       0x54 C:/Program Files (x86)/Rowley Associates Limited/CrossWorks for ARM 2.3/lib/libc_v4t_a_le.a(libc2.o)
                0x00202820                __digit
 .text.libc.isspace
                0x00202874       0x18 C:/Program Files (x86)/Rowley Associates Limited/CrossWorks for ARM 2.3/lib/libc_v4t_a_le.a(libc2.o)
                0x00202874                isspace
 .text.libdebugio.__do_debug_operation_dcc
                0x0020288c       0x40 C:/Program Files (x86)/Rowley Associates Limited/CrossWorks for ARM 2.3/lib/libdebugio_v4t_a_le.a(libdebugio.o)
                0x0020288c                __do_debug_operation_dcc
 .text.libc.__debug_io_lock
                0x002028cc        0x4 C:/Program Files (x86)/Rowley Associates Limited/CrossWorks for ARM 2.3/lib/libc_user_libc_v4t_a_le.a(user_libc.o)
                0x002028cc                __debug_io_lock
 .text.libc.__debug_io_unlock
                0x002028d0        0x4 C:/Program Files (x86)/Rowley Associates Limited/CrossWorks for ARM 2.3/lib/libc_user_libc_v4t_a_le.a(user_libc.o)
                0x002028d0                __debug_io_unlock
 *fill*         0x002028d4        0xc 00
 .text.libdebugio_dcc.libarm_dcc_read
                0x002028e0       0x20 C:/Program Files (x86)/Rowley Associates Limited/CrossWorks for ARM 2.3/lib/libarm_v4t_a_le.a(libarm.o)
                0x002028e0                libarm_dcc_read
 .text.libdebugio_dcc.libarm_dcc_write
                0x00202900       0x20 C:/Program Files (x86)/Rowley Associates Limited/CrossWorks for ARM 2.3/lib/libarm_v4t_a_le.a(libarm.o)
                0x00202900                libarm_dcc_write
 .text.libarm.libarm_run_dcc_port_server
                0x00202920      0x228 C:/Program Files (x86)/Rowley Associates Limited/CrossWorks for ARM 2.3/lib/libarm_v4t_a_le.a(libarm_run_dcc_port_server.o)
                0x00202920                libarm_run_dcc_port_server
                0x00202b48                __text_end__ = (__text_start__ + SIZEOF (.text))

.vfp11_veneer   0x00000000        0x0
 .vfp11_veneer  0x00000000        0x0 linker stubs

.v4_bx          0x00000000        0x0
 .v4_bx         0x00000000        0x0 linker stubs
                0x00000001                . = ASSERT (((__text_end__ >= __SRAM_segment_start__) && (__text_end__ <= (__SRAM_segment_start__ + 0x10000))), error: .text is too large to fit in SRAM memory segment)
                0x00202b48                __dtors_load_start__ = ALIGN (__text_end__, 0x4)

.dtors          0x00202b48        0x0
                0x00202b48                __dtors_start__ = .
 *(SORT(.dtors.*))
 *(.dtors)
                0x00202b48                __dtors_end__ = (__dtors_start__ + SIZEOF (.dtors))
                0x00000001                . = ASSERT (((__dtors_end__ >= __SRAM_segment_start__) && (__dtors_end__ <= (__SRAM_segment_start__ + 0x10000))), error: .dtors is too large to fit in SRAM memory segment)
                0x00202b48                __ctors_load_start__ = ALIGN (__dtors_end__, 0x4)

.ctors          0x00202b48        0x0
                0x00202b48                __ctors_start__ = .
 *(SORT(.ctors.*))
 *(.ctors)
                0x00202b48                __ctors_end__ = (__ctors_start__ + SIZEOF (.ctors))
                0x00000001                . = ASSERT (((__ctors_end__ >= __SRAM_segment_start__) && (__ctors_end__ <= (__SRAM_segment_start__ + 0x10000))), error: .ctors is too large to fit in SRAM memory segment)
                0x00202b48                __data_load_start__ = ALIGN (__ctors_end__, 0x4)

.data           0x00202b48        0x0
                0x00202b48                __data_start__ = .
 *(.data .data.* .gnu.linkonce.d.*)
                0x00202b48                __data_end__ = (__data_start__ + SIZEOF (.data))
                0x00000001                . = ASSERT (((__data_end__ >= __SRAM_segment_start__) && (__data_end__ <= (__SRAM_segment_start__ + 0x10000))), error: .data is too large to fit in SRAM memory segment)
                0x00202b48                __rodata_load_start__ = ALIGN (__data_end__, 0x4)

.rodata         0x00202b48      0xc74
                0x00202b48                __rodata_start__ = .
 *(.rodata .rodata.* .gnu.linkonce.r.*)
 .rodata        0x00202b48       0x20 ARM RAM Debug/main.o
 .rodata.FONT6x8
                0x00202b68      0x308 ARM RAM Debug/lcd.o
                0x00202b68                FONT6x8
 .rodata.FONT8x8
                0x00202e70      0x308 ARM RAM Debug/lcd.o
                0x00202e70                FONT8x8
 .rodata.FONT8x16
                0x00203178      0x610 ARM RAM Debug/lcd.o
                0x00203178                FONT8x16
 .rodata        0x00203788        0xc ARM RAM Debug/lcd.o
 .rodata.libc.str1.4
                0x00203794        0x8 C:/Program Files (x86)/Rowley Associates Limited/CrossWorks for ARM 2.3/lib/libc_v4t_a_le.a(__vfprintf_int.o)
 .rodata.libc.__hex_lc
                0x0020379c       0x10 C:/Program Files (x86)/Rowley Associates Limited/CrossWorks for ARM 2.3/lib/libc_v4t_a_le.a(libc2.o)
                0x0020379c                __hex_lc
 .rodata.libc.__hex_uc
                0x002037ac       0x10 C:/Program Files (x86)/Rowley Associates Limited/CrossWorks for ARM 2.3/lib/libc_v4t_a_le.a(libc2.o)
                0x002037ac                __hex_uc
                0x002037bc                __rodata_end__ = (__rodata_start__ + SIZEOF (.rodata))
                0x00000001                . = ASSERT (((__rodata_end__ >= __SRAM_segment_start__) && (__rodata_end__ <= (__SRAM_segment_start__ + 0x10000))), error: .rodata is too large to fit in SRAM memory segment)
                0x002037bc                __bss_load_start__ = ALIGN (__rodata_end__, 0x4)

.bss            0x002037bc        0x4
                0x002037bc                __bss_start__ = .
 *(.bss .bss.* .gnu.linkonce.b.*)
 .bss.libc.__format_extender
                0x002037bc        0x4 C:/Program Files (x86)/Rowley Associates Limited/CrossWorks for ARM 2.3/lib/libc_v4t_a_le.a(libc2.o)
                0x002037bc                __format_extender
 *(COMMON)
                0x002037c0                __bss_end__ = (__bss_start__ + SIZEOF (.bss))
                0x00000001                . = ASSERT (((__bss_end__ >= __SRAM_segment_start__) && (__bss_end__ <= (__SRAM_segment_start__ + 0x10000))), error: .bss is too large to fit in SRAM memory segment)
                0x002037c0                __non_init_load_start__ = ALIGN (__bss_end__, 0x4)

.non_init       0x002037c0        0x0
                0x002037c0                __non_init_start__ = .
 *(.non_init .non_init.*)
                0x002037c0                __non_init_end__ = (__non_init_start__ + SIZEOF (.non_init))
                0x00000001                . = ASSERT (((__non_init_end__ >= __SRAM_segment_start__) && (__non_init_end__ <= (__SRAM_segment_start__ + 0x10000))), error: .non_init is too large to fit in SRAM memory segment)
                0x002037c0                __heap_load_start__ = ALIGN (__non_init_end__, 0x4)

.heap           0x002037c0      0x400
                0x002037c0                __heap_start__ = .
 *(.heap)
                0x00203bc0                . = ALIGN (MAX ((__heap_start__ + __HEAPSIZE__), .), 0x4)
 *fill*         0x002037c0      0x400 00
                0x00203bc0                __heap_end__ = (__heap_start__ + SIZEOF (.heap))
                0x00000001                . = ASSERT (((__heap_end__ >= __SRAM_segment_start__) && (__heap_end__ <= (__SRAM_segment_start__ + 0x10000))), error: .heap is too large to fit in SRAM memory segment)
                0x00203bc0                __stack_load_start__ = ALIGN (__heap_end__, 0x4)

.stack          0x00203bc0      0x400
                0x00203bc0                __stack_start__ = .
 *(.stack)
                0x00203fc0                . = ALIGN (MAX ((__stack_start__ + __STACKSIZE__), .), 0x4)
 *fill*         0x00203bc0      0x400 00
                0x00203fc0                __stack_end__ = (__stack_start__ + SIZEOF (.stack))
                0x00000001                . = ASSERT (((__stack_end__ >= __SRAM_segment_start__) && (__stack_end__ <= (__SRAM_segment_start__ + 0x10000))), error: .stack is too large to fit in SRAM memory segment)
                0x00203fc0                __stack_irq_load_start__ = ALIGN (__stack_end__, 0x4)

.stack_irq      0x00203fc0      0x100
                0x00203fc0                __stack_irq_start__ = .
 *(.stack_irq)
                0x002040c0                . = ALIGN (MAX ((__stack_irq_start__ + __STACKSIZE_IRQ__), .), 0x4)
 *fill*         0x00203fc0      0x100 00
                0x002040c0                __stack_irq_end__ = (__stack_irq_start__ + SIZEOF (.stack_irq))
                0x00000001                . = ASSERT (((__stack_irq_end__ >= __SRAM_segment_start__) && (__stack_irq_end__ <= (__SRAM_segment_start__ + 0x10000))), error: .stack_irq is too large to fit in SRAM memory segment)
                0x002040c0                __stack_fiq_load_start__ = ALIGN (__stack_irq_end__, 0x4)

.stack_fiq      0x002040c0      0x100
                0x002040c0                __stack_fiq_start__ = .
 *(.stack_fiq)
                0x002041c0                . = ALIGN (MAX ((__stack_fiq_start__ + __STACKSIZE_FIQ__), .), 0x4)
 *fill*         0x002040c0      0x100 00
                0x002041c0                __stack_fiq_end__ = (__stack_fiq_start__ + SIZEOF (.stack_fiq))
                0x00000001                . = ASSERT (((__stack_fiq_end__ >= __SRAM_segment_start__) && (__stack_fiq_end__ <= (__SRAM_segment_start__ + 0x10000))), error: .stack_fiq is too large to fit in SRAM memory segment)
                0x002041c0                __stack_svc_load_start__ = ALIGN (__stack_fiq_end__, 0x4)

.stack_svc      0x002041c0        0x0
                0x002041c0                __stack_svc_start__ = .
 *(.stack_svc)
                0x002041c0                . = ALIGN (MAX ((__stack_svc_start__ + __STACKSIZE_SVC__), .), 0x4)
                0x002041c0                __stack_svc_end__ = (__stack_svc_start__ + SIZEOF (.stack_svc))
                0x00000001                . = ASSERT (((__stack_svc_end__ >= __SRAM_segment_start__) && (__stack_svc_end__ <= (__SRAM_segment_start__ + 0x10000))), error: .stack_svc is too large to fit in SRAM memory segment)
                0x002041c0                __stack_abt_load_start__ = ALIGN (__stack_svc_end__, 0x4)

.stack_abt      0x002041c0        0x0
                0x002041c0                __stack_abt_start__ = .
 *(.stack_abt)
                0x002041c0                . = ALIGN (MAX ((__stack_abt_start__ + __STACKSIZE_ABT__), .), 0x4)
                0x002041c0                __stack_abt_end__ = (__stack_abt_start__ + SIZEOF (.stack_abt))
                0x00000001                . = ASSERT (((__stack_abt_end__ >= __SRAM_segment_start__) && (__stack_abt_end__ <= (__SRAM_segment_start__ + 0x10000))), error: .stack_abt is too large to fit in SRAM memory segment)
                0x002041c0                __stack_und_load_start__ = ALIGN (__stack_abt_end__, 0x4)

.stack_und      0x002041c0        0x0
                0x002041c0                __stack_und_start__ = .
 *(.stack_und)
                0x002041c0                . = ALIGN (MAX ((__stack_und_start__ + __STACKSIZE_UND__), .), 0x4)
                0x002041c0                __stack_und_end__ = (__stack_und_start__ + SIZEOF (.stack_und))
                0x002041c0                __SRAM_segment_used_end__ = (ALIGN (__stack_abt_end__, 0x4) + SIZEOF (.stack_und))
                0x00000001                . = ASSERT (((__stack_und_end__ >= __SRAM_segment_start__) && (__stack_und_end__ <= (__SRAM_segment_start__ + 0x10000))), error: .stack_und is too large to fit in SRAM memory segment)
START GROUP
LOAD ARM RAM Debug/crt0.o
LOAD ARM RAM Debug/AT91SAM7_Startup.o
LOAD ARM RAM Debug/AIC.o
LOAD ARM RAM Debug/AIC_irq_handler.o
LOAD ARM RAM Debug/ctl_at91sam7.o
LOAD ARM RAM Debug/main.o
LOAD ARM RAM Debug/lcd.o
LOAD C:/Program Files (x86)/Rowley Associates Limited/CrossWorks for ARM 2.3/lib/libarm_v4t_a_le.a
LOAD C:/Program Files (x86)/Rowley Associates Limited/CrossWorks for ARM 2.3/lib/libm_v4t_a_le.a
LOAD C:/Program Files (x86)/Rowley Associates Limited/CrossWorks for ARM 2.3/lib/libc_v4t_a_le.a
LOAD C:/Program Files (x86)/Rowley Associates Limited/CrossWorks for ARM 2.3/lib/libcpp_v4t_a_le.a
LOAD C:/Program Files (x86)/Rowley Associates Limited/CrossWorks for ARM 2.3/lib/libdebugio_v4t_a_le.a
LOAD C:/Program Files (x86)/Rowley Associates Limited/CrossWorks for ARM 2.3/lib/libc_targetio_impl_v4t_a_le.a
LOAD C:/Program Files (x86)/Rowley Associates Limited/CrossWorks for ARM 2.3/lib/libc_user_libc_v4t_a_le.a
END GROUP
OUTPUT(ARM RAM Debug/cw1_arm.elf elf32-littlearm)

.ARM.attributes
                0x00000000       0x10
 .ARM.attributes
                0x00000000       0x10 ARM RAM Debug/crt0.o
 .ARM.attributes
                0x00000010       0x10 ARM RAM Debug/AT91SAM7_Startup.o
 .ARM.attributes
                0x00000020       0x10 ARM RAM Debug/AIC.o
 .ARM.attributes
                0x00000030       0x10 ARM RAM Debug/AIC_irq_handler.o
 .ARM.attributes
                0x00000040       0x10 ARM RAM Debug/ctl_at91sam7.o
 .ARM.attributes
                0x00000050       0x10 ARM RAM Debug/main.o
 .ARM.attributes
                0x00000060       0x10 ARM RAM Debug/lcd.o
 .ARM.attributes
                0x00000070       0x10 C:/Program Files (x86)/Rowley Associates Limited/CrossWorks for ARM 2.3/lib/libc_v4t_a_le.a(libc_asm.o)
 .ARM.attributes
                0x00000080       0x10 C:/Program Files (x86)/Rowley Associates Limited/CrossWorks for ARM 2.3/lib/libc_v4t_a_le.a(libc2_asm.o)
 .ARM.attributes
                0x00000090       0x10 C:/Program Files (x86)/Rowley Associates Limited/CrossWorks for ARM 2.3/lib/libc_v4t_a_le.a(__vfprintf_int.o)
 .ARM.attributes
                0x000000a0       0x10 C:/Program Files (x86)/Rowley Associates Limited/CrossWorks for ARM 2.3/lib/libc_v4t_a_le.a(__vfscanf_int.o)
 .ARM.attributes
                0x000000b0       0x10 C:/Program Files (x86)/Rowley Associates Limited/CrossWorks for ARM 2.3/lib/libc_v4t_a_le.a(libc2.o)
 .ARM.attributes
                0x000000c0       0x10 C:/Program Files (x86)/Rowley Associates Limited/CrossWorks for ARM 2.3/lib/libdebugio_v4t_a_le.a(libdebugio.o)
 .ARM.attributes
                0x000000d0       0x10 C:/Program Files (x86)/Rowley Associates Limited/CrossWorks for ARM 2.3/lib/libc_user_libc_v4t_a_le.a(user_libc.o)
 .ARM.attributes
                0x000000e0       0x10 C:/Program Files (x86)/Rowley Associates Limited/CrossWorks for ARM 2.3/lib/libarm_v4t_a_le.a(libarm.o)
 .ARM.attributes
                0x000000f0       0x10 C:/Program Files (x86)/Rowley Associates Limited/CrossWorks for ARM 2.3/lib/libarm_v4t_a_le.a(libarm_run_dcc_port_server.o)
 .ARM.attributes
                0x00000100       0x10 C:/Program Files (x86)/Rowley Associates Limited/CrossWorks for ARM 2.3/lib/libm_v4t_a_le.a(libm_asm.o)

.comment        0x00000000       0x4e
 .comment       0x00000000       0x4e ARM RAM Debug/AIC.o
                                 0x4f (size before relaxing)
 .comment       0x00000000       0x4f ARM RAM Debug/ctl_at91sam7.o
 .comment       0x00000000       0x4f ARM RAM Debug/main.o
 .comment       0x00000000       0x4f ARM RAM Debug/lcd.o
 .comment       0x00000000       0x4f C:/Program Files (x86)/Rowley Associates Limited/CrossWorks for ARM 2.3/lib/libc_v4t_a_le.a(__vfprintf_int.o)
 .comment       0x00000000       0x4f C:/Program Files (x86)/Rowley Associates Limited/CrossWorks for ARM 2.3/lib/libc_v4t_a_le.a(__vfscanf_int.o)
 .comment       0x00000000       0x4f C:/Program Files (x86)/Rowley Associates Limited/CrossWorks for ARM 2.3/lib/libc_v4t_a_le.a(libc2.o)
 .comment       0x00000000       0x4f C:/Program Files (x86)/Rowley Associates Limited/CrossWorks for ARM 2.3/lib/libdebugio_v4t_a_le.a(libdebugio.o)
 .comment       0x00000000       0x4f C:/Program Files (x86)/Rowley Associates Limited/CrossWorks for ARM 2.3/lib/libc_user_libc_v4t_a_le.a(user_libc.o)
 .comment       0x00000000       0x4f C:/Program Files (x86)/Rowley Associates Limited/CrossWorks for ARM 2.3/lib/libarm_v4t_a_le.a(libarm_run_dcc_port_server.o)

.debug_line     0x00000000     0x1686
 .debug_line    0x00000000       0xf0 ARM RAM Debug/crt0.o
 .debug_line    0x000000f0       0xf2 ARM RAM Debug/AT91SAM7_Startup.o
 .debug_line    0x000001e2      0x160 ARM RAM Debug/AIC.o
 .debug_line    0x00000342       0xc8 ARM RAM Debug/AIC_irq_handler.o
 .debug_line    0x0000040a      0x14f ARM RAM Debug/ctl_at91sam7.o
 .debug_line    0x00000559      0x160 ARM RAM Debug/main.o
 .debug_line    0x000006b9      0x2cc ARM RAM Debug/lcd.o
 .debug_line    0x00000985       0x75 C:/Program Files (x86)/Rowley Associates Limited/CrossWorks for ARM 2.3/lib/libc_v4t_a_le.a(__vfprintf_int.o)
 .debug_line    0x000009fa       0x74 C:/Program Files (x86)/Rowley Associates Limited/CrossWorks for ARM 2.3/lib/libc_v4t_a_le.a(__vfscanf_int.o)
 .debug_line    0x00000a6e      0x5b3 C:/Program Files (x86)/Rowley Associates Limited/CrossWorks for ARM 2.3/lib/libc_v4t_a_le.a(libc2.o)
 .debug_line    0x00001021      0x56a C:/Program Files (x86)/Rowley Associates Limited/CrossWorks for ARM 2.3/lib/libdebugio_v4t_a_le.a(libdebugio.o)
 .debug_line    0x0000158b       0x74 C:/Program Files (x86)/Rowley Associates Limited/CrossWorks for ARM 2.3/lib/libc_user_libc_v4t_a_le.a(user_libc.o)
 .debug_line    0x000015ff       0x87 C:/Program Files (x86)/Rowley Associates Limited/CrossWorks for ARM 2.3/lib/libarm_v4t_a_le.a(libarm_run_dcc_port_server.o)

.debug_info     0x00000000     0x1fdc
 .debug_info    0x00000000       0xa4 ARM RAM Debug/crt0.o
 .debug_info    0x000000a4       0xcc ARM RAM Debug/AT91SAM7_Startup.o
 .debug_info    0x00000170      0x18b ARM RAM Debug/AIC.o
 .debug_info    0x000002fb       0xcf ARM RAM Debug/AIC_irq_handler.o
 .debug_info    0x000003ca      0x129 ARM RAM Debug/ctl_at91sam7.o
 .debug_info    0x000004f3      0x19b ARM RAM Debug/main.o
 .debug_info    0x0000068e      0x622 ARM RAM Debug/lcd.o
 .debug_info    0x00000cb0       0x36 C:/Program Files (x86)/Rowley Associates Limited/CrossWorks for ARM 2.3/lib/libc_v4t_a_le.a(__vfprintf_int.o)
 .debug_info    0x00000ce6       0x65 C:/Program Files (x86)/Rowley Associates Limited/CrossWorks for ARM 2.3/lib/libc_v4t_a_le.a(__vfscanf_int.o)
 .debug_info    0x00000d4b      0xc5b C:/Program Files (x86)/Rowley Associates Limited/CrossWorks for ARM 2.3/lib/libc_v4t_a_le.a(libc2.o)
 .debug_info    0x000019a6      0x533 C:/Program Files (x86)/Rowley Associates Limited/CrossWorks for ARM 2.3/lib/libdebugio_v4t_a_le.a(libdebugio.o)
 .debug_info    0x00001ed9       0xcd C:/Program Files (x86)/Rowley Associates Limited/CrossWorks for ARM 2.3/lib/libc_user_libc_v4t_a_le.a(user_libc.o)
 .debug_info    0x00001fa6       0x36 C:/Program Files (x86)/Rowley Associates Limited/CrossWorks for ARM 2.3/lib/libarm_v4t_a_le.a(libarm_run_dcc_port_server.o)

.debug_abbrev   0x00000000      0x5ae
 .debug_abbrev  0x00000000       0x14 ARM RAM Debug/crt0.o
 .debug_abbrev  0x00000014       0x12 ARM RAM Debug/AT91SAM7_Startup.o
 .debug_abbrev  0x00000026       0xdc ARM RAM Debug/AIC.o
 .debug_abbrev  0x00000102       0x14 ARM RAM Debug/AIC_irq_handler.o
 .debug_abbrev  0x00000116       0xe4 ARM RAM Debug/ctl_at91sam7.o
 .debug_abbrev  0x000001fa       0xcd ARM RAM Debug/main.o
 .debug_abbrev  0x000002c7      0x15d ARM RAM Debug/lcd.o
 .debug_abbrev  0x00000424       0x25 C:/Program Files (x86)/Rowley Associates Limited/CrossWorks for ARM 2.3/lib/libc_v4t_a_le.a(__vfprintf_int.o)
 .debug_abbrev  0x00000449       0x43 C:/Program Files (x86)/Rowley Associates Limited/CrossWorks for ARM 2.3/lib/libc_v4t_a_le.a(__vfscanf_int.o)
 .debug_abbrev  0x0000048c       0xa0 C:/Program Files (x86)/Rowley Associates Limited/CrossWorks for ARM 2.3/lib/libc_v4t_a_le.a(libc2.o)
 .debug_abbrev  0x0000052c       0x38 C:/Program Files (x86)/Rowley Associates Limited/CrossWorks for ARM 2.3/lib/libdebugio_v4t_a_le.a(libdebugio.o)
 .debug_abbrev  0x00000564       0x25 C:/Program Files (x86)/Rowley Associates Limited/CrossWorks for ARM 2.3/lib/libc_user_libc_v4t_a_le.a(user_libc.o)
 .debug_abbrev  0x00000589       0x25 C:/Program Files (x86)/Rowley Associates Limited/CrossWorks for ARM 2.3/lib/libarm_v4t_a_le.a(libarm_run_dcc_port_server.o)

.debug_aranges  0x00000000      0x9a8
 .debug_aranges
                0x00000000       0x20 ARM RAM Debug/crt0.o
 .debug_aranges
                0x00000020       0x28 ARM RAM Debug/AT91SAM7_Startup.o
 .debug_aranges
                0x00000048       0x38 ARM RAM Debug/AIC.o
 .debug_aranges
                0x00000080       0x20 ARM RAM Debug/AIC_irq_handler.o
 .debug_aranges
                0x000000a0       0x38 ARM RAM Debug/ctl_at91sam7.o
 .debug_aranges
                0x000000d8       0x38 ARM RAM Debug/main.o
 .debug_aranges
                0x00000110       0xa0 ARM RAM Debug/lcd.o
 .debug_aranges
                0x000001b0       0x20 C:/Program Files (x86)/Rowley Associates Limited/CrossWorks for ARM 2.3/lib/libc_v4t_a_le.a(__vfprintf_int.o)
 .debug_aranges
                0x000001d0       0x30 C:/Program Files (x86)/Rowley Associates Limited/CrossWorks for ARM 2.3/lib/libc_v4t_a_le.a(__vfscanf_int.o)
 .debug_aranges
                0x00000200      0x508 C:/Program Files (x86)/Rowley Associates Limited/CrossWorks for ARM 2.3/lib/libc_v4t_a_le.a(libc2.o)
 .debug_aranges
                0x00000708      0x220 C:/Program Files (x86)/Rowley Associates Limited/CrossWorks for ARM 2.3/lib/libdebugio_v4t_a_le.a(libdebugio.o)
 .debug_aranges
                0x00000928       0x60 C:/Program Files (x86)/Rowley Associates Limited/CrossWorks for ARM 2.3/lib/libc_user_libc_v4t_a_le.a(user_libc.o)
 .debug_aranges
                0x00000988       0x20 C:/Program Files (x86)/Rowley Associates Limited/CrossWorks for ARM 2.3/lib/libarm_v4t_a_le.a(libarm_run_dcc_port_server.o)

.debug_ranges   0x00000000      0x8d8
 .debug_ranges  0x00000000       0x20 ARM RAM Debug/AT91SAM7_Startup.o
 .debug_ranges  0x00000020       0x28 ARM RAM Debug/AIC.o
 .debug_ranges  0x00000048       0x28 ARM RAM Debug/ctl_at91sam7.o
 .debug_ranges  0x00000070       0x40 ARM RAM Debug/main.o
 .debug_ranges  0x000000b0       0x90 ARM RAM Debug/lcd.o
 .debug_ranges  0x00000140       0x10 C:/Program Files (x86)/Rowley Associates Limited/CrossWorks for ARM 2.3/lib/libc_v4t_a_le.a(__vfprintf_int.o)
 .debug_ranges  0x00000150       0x20 C:/Program Files (x86)/Rowley Associates Limited/CrossWorks for ARM 2.3/lib/libc_v4t_a_le.a(__vfscanf_int.o)
 .debug_ranges  0x00000170      0x4f8 C:/Program Files (x86)/Rowley Associates Limited/CrossWorks for ARM 2.3/lib/libc_v4t_a_le.a(libc2.o)
 .debug_ranges  0x00000668      0x210 C:/Program Files (x86)/Rowley Associates Limited/CrossWorks for ARM 2.3/lib/libdebugio_v4t_a_le.a(libdebugio.o)
 .debug_ranges  0x00000878       0x50 C:/Program Files (x86)/Rowley Associates Limited/CrossWorks for ARM 2.3/lib/libc_user_libc_v4t_a_le.a(user_libc.o)
 .debug_ranges  0x000008c8       0x10 C:/Program Files (x86)/Rowley Associates Limited/CrossWorks for ARM 2.3/lib/libarm_v4t_a_le.a(libarm_run_dcc_port_server.o)

.debug_frame    0x00000000     0x2c14
 .debug_frame   0x00000000       0x94 ARM RAM Debug/AIC.o
 .debug_frame   0x00000094       0xa0 ARM RAM Debug/ctl_at91sam7.o
 .debug_frame   0x00000134       0x9c ARM RAM Debug/main.o
 .debug_frame   0x000001d0      0x258 ARM RAM Debug/lcd.o
 .debug_frame   0x00000428      0x260 C:/Program Files (x86)/Rowley Associates Limited/CrossWorks for ARM 2.3/lib/libc_v4t_a_le.a(libc_asm.o)
 .debug_frame   0x00000688      0x120 C:/Program Files (x86)/Rowley Associates Limited/CrossWorks for ARM 2.3/lib/libc_v4t_a_le.a(libc2_asm.o)
 .debug_frame   0x000007a8       0x40 C:/Program Files (x86)/Rowley Associates Limited/CrossWorks for ARM 2.3/lib/libc_v4t_a_le.a(__vfprintf_int.o)
 .debug_frame   0x000007e8       0x88 C:/Program Files (x86)/Rowley Associates Limited/CrossWorks for ARM 2.3/lib/libc_v4t_a_le.a(__vfscanf_int.o)
 .debug_frame   0x00000870     0x1238 C:/Program Files (x86)/Rowley Associates Limited/CrossWorks for ARM 2.3/lib/libc_v4t_a_le.a(libc2.o)
 .debug_frame   0x00001aa8      0x794 C:/Program Files (x86)/Rowley Associates Limited/CrossWorks for ARM 2.3/lib/libdebugio_v4t_a_le.a(libdebugio.o)
 .debug_frame   0x0000223c       0xa0 C:/Program Files (x86)/Rowley Associates Limited/CrossWorks for ARM 2.3/lib/libc_user_libc_v4t_a_le.a(user_libc.o)
 .debug_frame   0x000022dc      0x2c0 C:/Program Files (x86)/Rowley Associates Limited/CrossWorks for ARM 2.3/lib/libarm_v4t_a_le.a(libarm.o)
 .debug_frame   0x0000259c       0x38 C:/Program Files (x86)/Rowley Associates Limited/CrossWorks for ARM 2.3/lib/libarm_v4t_a_le.a(libarm_run_dcc_port_server.o)
 .debug_frame   0x000025d4      0x640 C:/Program Files (x86)/Rowley Associates Limited/CrossWorks for ARM 2.3/lib/libm_v4t_a_le.a(libm_asm.o)

.debug_loc      0x00000000     0x1d2d
 .debug_loc     0x00000000       0xb0 ARM RAM Debug/AIC.o
 .debug_loc     0x000000b0       0xb0 ARM RAM Debug/ctl_at91sam7.o
 .debug_loc     0x00000160       0xb0 ARM RAM Debug/main.o
 .debug_loc     0x00000210      0x2ec ARM RAM Debug/lcd.o
 .debug_loc     0x000004fc       0x2c C:/Program Files (x86)/Rowley Associates Limited/CrossWorks for ARM 2.3/lib/libc_v4t_a_le.a(__vfprintf_int.o)
 .debug_loc     0x00000528       0x6c C:/Program Files (x86)/Rowley Associates Limited/CrossWorks for ARM 2.3/lib/libc_v4t_a_le.a(__vfscanf_int.o)
 .debug_loc     0x00000594      0xf59 C:/Program Files (x86)/Rowley Associates Limited/CrossWorks for ARM 2.3/lib/libc_v4t_a_le.a(libc2.o)
 .debug_loc     0x000014ed      0x820 C:/Program Files (x86)/Rowley Associates Limited/CrossWorks for ARM 2.3/lib/libdebugio_v4t_a_le.a(libdebugio.o)
 .debug_loc     0x00001d0d       0x20 C:/Program Files (x86)/Rowley Associates Limited/CrossWorks for ARM 2.3/lib/libarm_v4t_a_le.a(libarm_run_dcc_port_server.o)

.debug_str      0x00000000     0x108e
 .debug_str     0x00000000      0x1fb ARM RAM Debug/AIC.o
                                0x211 (size before relaxing)
 .debug_str     0x000001fb       0xf3 ARM RAM Debug/ctl_at91sam7.o
                                0x220 (size before relaxing)
 .debug_str     0x000002ee       0x6d ARM RAM Debug/main.o
                                 0xcd (size before relaxing)
 .debug_str     0x0000035b      0x1b4 ARM RAM Debug/lcd.o
                                0x234 (size before relaxing)
 .debug_str     0x0000050f       0x64 C:/Program Files (x86)/Rowley Associates Limited/CrossWorks for ARM 2.3/lib/libc_v4t_a_le.a(__vfprintf_int.o)
                                 0xad (size before relaxing)
 .debug_str     0x00000573       0x7c C:/Program Files (x86)/Rowley Associates Limited/CrossWorks for ARM 2.3/lib/libc_v4t_a_le.a(__vfscanf_int.o)
                                 0xc5 (size before relaxing)
 .debug_str     0x000005ef      0x57f C:/Program Files (x86)/Rowley Associates Limited/CrossWorks for ARM 2.3/lib/libc_v4t_a_le.a(libc2.o)
                                0x655 (size before relaxing)
 .debug_str     0x00000b6e      0x3cc C:/Program Files (x86)/Rowley Associates Limited/CrossWorks for ARM 2.3/lib/libdebugio_v4t_a_le.a(libdebugio.o)
                                0x415 (size before relaxing)
 .debug_str     0x00000f3a       0xd2 C:/Program Files (x86)/Rowley Associates Limited/CrossWorks for ARM 2.3/lib/libc_user_libc_v4t_a_le.a(user_libc.o)
                                0x11b (size before relaxing)
 .debug_str     0x0000100c       0x82 C:/Program Files (x86)/Rowley Associates Limited/CrossWorks for ARM 2.3/lib/libarm_v4t_a_le.a(libarm_run_dcc_port_server.o)
                                 0xcb (size before relaxing)
